This is pdfTeX, Version 3.14159265-2.6-1.40.20 (TeX Live 2019/Debian) (preloaded format=pdflatex 2021.1.6)  4 MAR 2022 13:23
entering extended mode
 restricted \write18 enabled.
 %&-line parsing enabled.
**README_RATPACEventViewer.tex
(./README_RATPACEventViewer.tex
LaTeX2e <2020-02-02> patch level 2
L3 programming layer <2020-02-14>
(/usr/share/texlive/texmf-dist/tex/latex/base/article.cls
Document Class: article 2019/12/20 v1.4l Standard LaTeX document class
(/usr/share/texlive/texmf-dist/tex/latex/base/size10.clo
File: size10.clo 2019/12/20 v1.4l Standard LaTeX file (size option)
)
\c@part=\count167
\c@section=\count168
\c@subsection=\count169
\c@subsubsection=\count170
\c@paragraph=\count171
\c@subparagraph=\count172
\c@figure=\count173
\c@table=\count174
\abovecaptionskip=\skip47
\belowcaptionskip=\skip48
\bibindent=\dimen134
)
(/usr/share/texlive/texmf-dist/tex/latex/cmap/cmap.sty
Package: cmap 2008/03/06 v1.0h CMap support: searchable PDF
)
(/usr/share/texlive/texmf-dist/tex/latex/base/ifthen.sty
Package: ifthen 2014/09/29 v1.1c Standard LaTeX ifthen package (DPC)
)
(/usr/share/texlive/texmf-dist/tex/latex/base/fontenc.sty
Package: fontenc 2020/02/11 v2.0o Standard LaTeX package
<<t1.cmap>>)
(/usr/share/texlive/texmf-dist/tex/latex/base/inputenc.sty
Package: inputenc 2018/08/11 v1.3c Input encoding file
\inpenc@prehook=\toks14
\inpenc@posthook=\toks15
)
(/usr/share/texlive/texmf-dist/tex/latex/psnfss/mathptmx.sty
Package: mathptmx 2005/04/12 PSNFSS-v9.2a Times w/ Math, improved (SPQR, WaS) 
LaTeX Font Info:    Redeclaring symbol font `operators' on input line 28.
LaTeX Font Info:    Overwriting symbol font `operators' in version `normal'
(Font)                  OT1/cmr/m/n --> OT1/ztmcm/m/n on input line 28.
LaTeX Font Info:    Overwriting symbol font `operators' in version `bold'
(Font)                  OT1/cmr/bx/n --> OT1/ztmcm/m/n on input line 28.
LaTeX Font Info:    Redeclaring symbol font `letters' on input line 29.
LaTeX Font Info:    Overwriting symbol font `letters' in version `normal'
(Font)                  OML/cmm/m/it --> OML/ztmcm/m/it on input line 29.
LaTeX Font Info:    Overwriting symbol font `letters' in version `bold'
(Font)                  OML/cmm/b/it --> OML/ztmcm/m/it on input line 29.
LaTeX Font Info:    Redeclaring symbol font `symbols' on input line 30.
LaTeX Font Info:    Overwriting symbol font `symbols' in version `normal'
(Font)                  OMS/cmsy/m/n --> OMS/ztmcm/m/n on input line 30.
LaTeX Font Info:    Overwriting symbol font `symbols' in version `bold'
(Font)                  OMS/cmsy/b/n --> OMS/ztmcm/m/n on input line 30.
LaTeX Font Info:    Redeclaring symbol font `largesymbols' on input line 31.
LaTeX Font Info:    Overwriting symbol font `largesymbols' in version `normal'
(Font)                  OMX/cmex/m/n --> OMX/ztmcm/m/n on input line 31.
LaTeX Font Info:    Overwriting symbol font `largesymbols' in version `bold'
(Font)                  OMX/cmex/m/n --> OMX/ztmcm/m/n on input line 31.
\symbold=\mathgroup4
\symitalic=\mathgroup5
LaTeX Font Info:    Redeclaring math alphabet \mathbf on input line 34.
LaTeX Font Info:    Overwriting math alphabet `\mathbf' in version `normal'
(Font)                  OT1/cmr/bx/n --> OT1/ptm/bx/n on input line 34.
LaTeX Font Info:    Overwriting math alphabet `\mathbf' in version `bold'
(Font)                  OT1/cmr/bx/n --> OT1/ptm/bx/n on input line 34.
LaTeX Font Info:    Redeclaring math alphabet \mathit on input line 35.
LaTeX Font Info:    Overwriting math alphabet `\mathit' in version `normal'
(Font)                  OT1/cmr/m/it --> OT1/ptm/m/it on input line 35.
LaTeX Font Info:    Overwriting math alphabet `\mathit' in version `bold'
(Font)                  OT1/cmr/bx/it --> OT1/ptm/m/it on input line 35.
LaTeX Info: Redefining \hbar on input line 50.
)
(/usr/share/texlive/texmf-dist/tex/latex/psnfss/helvet.sty
Package: helvet 2005/04/12 PSNFSS-v9.2a (WaS) 

(/usr/share/texlive/texmf-dist/tex/latex/graphics/keyval.sty
Package: keyval 2014/10/28 v1.15 key=value parser (DPC)
\KV@toks@=\toks16
))
(/usr/share/texlive/texmf-dist/tex/latex/psnfss/courier.sty
Package: courier 2005/04/12 PSNFSS-v9.2a (WaS) 
)
(/usr/share/texlive/texmf-dist/tex/latex/hyperref/hyperref.sty
Package: hyperref 2020/01/14 v7.00d Hypertext links for LaTeX

(/usr/share/texlive/texmf-dist/tex/generic/ltxcmds/ltxcmds.sty
Package: ltxcmds 2019/12/15 v1.24 LaTeX kernel commands for general use (HO)
)
(/usr/share/texlive/texmf-dist/tex/generic/iftex/iftex.sty
Package: iftex 2019/11/07 v1.0c TeX engine tests
)
(/usr/share/texlive/texmf-dist/tex/latex/pdftexcmds/pdftexcmds.sty
Package: pdftexcmds 2019/11/24 v0.31 Utility functions of pdfTeX for LuaTeX (HO
)

(/usr/share/texlive/texmf-dist/tex/generic/infwarerr/infwarerr.sty
Package: infwarerr 2019/12/03 v1.5 Providing info/warning/error messages (HO)
)
Package pdftexcmds Info: \pdf@primitive is available.
Package pdftexcmds Info: \pdf@ifprimitive is available.
Package pdftexcmds Info: \pdfdraftmode found.
)
(/usr/share/texlive/texmf-dist/tex/generic/kvsetkeys/kvsetkeys.sty
Package: kvsetkeys 2019/12/15 v1.18 Key value parser (HO)
)
(/usr/share/texlive/texmf-dist/tex/generic/kvdefinekeys/kvdefinekeys.sty
Package: kvdefinekeys 2019-12-19 v1.6 Define keys (HO)
)
(/usr/share/texlive/texmf-dist/tex/generic/pdfescape/pdfescape.sty
Package: pdfescape 2019/12/09 v1.15 Implements pdfTeX's escape features (HO)
)
(/usr/share/texlive/texmf-dist/tex/latex/hycolor/hycolor.sty
Package: hycolor 2020-01-27 v1.10 Color options for hyperref/bookmark (HO)
)
(/usr/share/texlive/texmf-dist/tex/latex/letltxmacro/letltxmacro.sty
Package: letltxmacro 2019/12/03 v1.6 Let assignment for LaTeX macros (HO)
)
(/usr/share/texlive/texmf-dist/tex/latex/auxhook/auxhook.sty
Package: auxhook 2019-12-17 v1.6 Hooks for auxiliary files (HO)
)
(/usr/share/texlive/texmf-dist/tex/latex/kvoptions/kvoptions.sty
Package: kvoptions 2019/11/29 v3.13 Key value format for package options (HO)
)
\@linkdim=\dimen135
\Hy@linkcounter=\count175
\Hy@pagecounter=\count176

(/usr/share/texlive/texmf-dist/tex/latex/hyperref/pd1enc.def
File: pd1enc.def 2020/01/14 v7.00d Hyperref: PDFDocEncoding definition (HO)
Now handling font encoding PD1 ...
... no UTF-8 mapping file for font encoding PD1
)
(/usr/share/texlive/texmf-dist/tex/generic/intcalc/intcalc.sty
Package: intcalc 2019/12/15 v1.3 Expandable calculations with integers (HO)
)
(/usr/share/texlive/texmf-dist/tex/generic/etexcmds/etexcmds.sty
Package: etexcmds 2019/12/15 v1.7 Avoid name clashes with e-TeX commands (HO)
)
\Hy@SavedSpaceFactor=\count177
\pdfmajorversion=\count178
Package hyperref Info: Option `colorlinks' set `true' on input line 4421.
Package hyperref Info: Hyper figures OFF on input line 4547.
Package hyperref Info: Link nesting OFF on input line 4552.
Package hyperref Info: Hyper index ON on input line 4555.
Package hyperref Info: Plain pages OFF on input line 4562.
Package hyperref Info: Backreferencing OFF on input line 4567.
Package hyperref Info: Implicit mode ON; LaTeX internals redefined.
Package hyperref Info: Bookmarks ON on input line 4800.
\c@Hy@tempcnt=\count179

(/usr/share/texlive/texmf-dist/tex/latex/url/url.sty
\Urlmuskip=\muskip16
Package: url 2013/09/16  ver 3.4  Verb mode for urls, etc.
)
LaTeX Info: Redefining \url on input line 5159.
\XeTeXLinkMargin=\dimen136

(/usr/share/texlive/texmf-dist/tex/generic/bitset/bitset.sty
Package: bitset 2019/12/09 v1.3 Handle bit-vector datatype (HO)

(/usr/share/texlive/texmf-dist/tex/generic/bigintcalc/bigintcalc.sty
Package: bigintcalc 2019/12/15 v1.5 Expandable calculations on big integers (HO
)
))
\Fld@menulength=\count180
\Field@Width=\dimen137
\Fld@charsize=\dimen138
Package hyperref Info: Hyper figures OFF on input line 6430.
Package hyperref Info: Link nesting OFF on input line 6435.
Package hyperref Info: Hyper index ON on input line 6438.
Package hyperref Info: backreferencing OFF on input line 6445.
Package hyperref Info: Link coloring ON on input line 6448.
Package hyperref Info: Link coloring with OCG OFF on input line 6455.
Package hyperref Info: PDF/A mode OFF on input line 6460.
LaTeX Info: Redefining \ref on input line 6500.
LaTeX Info: Redefining \pageref on input line 6504.

(/usr/share/texlive/texmf-dist/tex/generic/atbegshi/atbegshi.sty
Package: atbegshi 2019/12/05 v1.19 At begin shipout hook (HO)
)
\Hy@abspage=\count181
\c@Item=\count182
\c@Hfootnote=\count183
)
Package hyperref Info: Driver (autodetected): hpdftex.

(/usr/share/texlive/texmf-dist/tex/latex/hyperref/hpdftex.def
File: hpdftex.def 2020/01/14 v7.00d Hyperref driver for pdfTeX

(/usr/share/texlive/texmf-dist/tex/latex/atveryend/atveryend.sty
Package: atveryend 2019-12-11 v1.11 Hooks at the very end of document (HO)
Package atveryend Info: \enddocument detected (standard20110627).
)
\Fld@listcount=\count184
\c@bookmark@seq@number=\count185

(/usr/share/texlive/texmf-dist/tex/latex/rerunfilecheck/rerunfilecheck.sty
Package: rerunfilecheck 2019/12/05 v1.9 Rerun checks for auxiliary files (HO)

(/usr/share/texlive/texmf-dist/tex/generic/uniquecounter/uniquecounter.sty
Package: uniquecounter 2019/12/15 v1.4 Provide unlimited unique counter (HO)
)
Package uniquecounter Info: New unique counter `rerunfilecheck' on input line 2
86.
)
\Hy@SectionHShift=\skip49
)
(/usr/share/texlive/texmf-dist/tex/latex/bookmark/bookmark.sty
Package: bookmark 2019/12/03 v1.28 PDF bookmarks (HO)

(/usr/share/texlive/texmf-dist/tex/latex/bookmark/bkm-pdftex.def
File: bkm-pdftex.def 2019/12/03 v1.28 bookmark driver for pdfTeX (HO)
\BKM@id=\count186
))
(/usr/share/texlive/texmf-dist/tex/latex/l3backend/l3backend-pdfmode.def
File: l3backend-pdfmode.def 2020-02-03 L3 backend support: PDF mode
\l__kernel_color_stack_int=\count187
\l__pdf_internal_box=\box45
)
(./README_RATPACEventViewer.aux)
\openout1 = `README_RATPACEventViewer.aux'.

LaTeX Font Info:    Checking defaults for OML/cmm/m/it on input line 33.
LaTeX Font Info:    ... okay on input line 33.
LaTeX Font Info:    Checking defaults for OMS/cmsy/m/n on input line 33.
LaTeX Font Info:    ... okay on input line 33.
LaTeX Font Info:    Checking defaults for OT1/cmr/m/n on input line 33.
LaTeX Font Info:    ... okay on input line 33.
LaTeX Font Info:    Checking defaults for T1/cmr/m/n on input line 33.
LaTeX Font Info:    ... okay on input line 33.
LaTeX Font Info:    Checking defaults for TS1/cmr/m/n on input line 33.
LaTeX Font Info:    ... okay on input line 33.
LaTeX Font Info:    Checking defaults for OMX/cmex/m/n on input line 33.
LaTeX Font Info:    ... okay on input line 33.
LaTeX Font Info:    Checking defaults for U/cmr/m/n on input line 33.
LaTeX Font Info:    ... okay on input line 33.
LaTeX Font Info:    Checking defaults for PD1/pdf/m/n on input line 33.
LaTeX Font Info:    ... okay on input line 33.
LaTeX Font Info:    Trying to load font information for T1+ptm on input line 33
.

(/usr/share/texlive/texmf-dist/tex/latex/psnfss/t1ptm.fd
File: t1ptm.fd 2001/06/04 font definitions for T1/ptm.
)
\big@size=\dimen139
\AtBeginShipoutBox=\box46

(/usr/share/texlive/texmf-dist/tex/latex/graphics/color.sty
Package: color 2019/11/23 v1.2a Standard LaTeX Color (DPC)

(/usr/share/texlive/texmf-dist/tex/latex/graphics-cfg/color.cfg
File: color.cfg 2016/01/02 v1.6 sample color configuration
)
Package color Info: Driver file: pdftex.def on input line 147.

(/usr/share/texlive/texmf-dist/tex/latex/graphics-def/pdftex.def
File: pdftex.def 2018/01/08 v1.0l Graphics/color driver for pdftex

(/usr/share/texlive/texmf-dist/tex/context/base/mkii/supp-pdf.mkii
[Loading MPS to PDF converter (version 2006.09.02).]
\scratchcounter=\count188
\scratchdimen=\dimen140
\scratchbox=\box47
\nofMPsegments=\count189
\nofMParguments=\count190
\everyMPshowfont=\toks17
\MPscratchCnt=\count191
\MPscratchDim=\dimen141
\MPnumerator=\count192
\makeMPintoPDFobject=\count193
\everyMPtoPDFconversion=\toks18
)))
Package hyperref Info: Link coloring ON on input line 33.
 (/usr/share/texlive/texmf-dist/tex/latex/hyperref/nameref.sty
Package: nameref 2019/09/16 v2.46 Cross-referencing by name of section

(/usr/share/texlive/texmf-dist/tex/latex/refcount/refcount.sty
Package: refcount 2019/12/15 v3.6 Data extraction from label references (HO)
)
(/usr/share/texlive/texmf-dist/tex/generic/gettitlestring/gettitlestring.sty
Package: gettitlestring 2019/12/15 v1.6 Cleanup title references (HO)
)
\c@section@level=\count194
)
LaTeX Info: Redefining \ref on input line 33.
LaTeX Info: Redefining \pageref on input line 33.
LaTeX Info: Redefining \nameref on input line 33.
LaTeX Font Info:    Trying to load font information for OT1+ztmcm on input line
 39.

(/usr/share/texlive/texmf-dist/tex/latex/psnfss/ot1ztmcm.fd
File: ot1ztmcm.fd 2000/01/03 Fontinst v1.801 font definitions for OT1/ztmcm.
)<<ot1.cmap>>
LaTeX Font Info:    Trying to load font information for OML+ztmcm on input line
 39.

(/usr/share/texlive/texmf-dist/tex/latex/psnfss/omlztmcm.fd
File: omlztmcm.fd 2000/01/03 Fontinst v1.801 font definitions for OML/ztmcm.
)<<oml.cmap>>
LaTeX Font Info:    Trying to load font information for OMS+ztmcm on input line
 39.

(/usr/share/texlive/texmf-dist/tex/latex/psnfss/omsztmcm.fd
File: omsztmcm.fd 2000/01/03 Fontinst v1.801 font definitions for OMS/ztmcm.
)<<oms.cmap>>
LaTeX Font Info:    Trying to load font information for OMX+ztmcm on input line
 39.

(/usr/share/texlive/texmf-dist/tex/latex/psnfss/omxztmcm.fd
File: omxztmcm.fd 2000/01/03 Fontinst v1.801 font definitions for OMX/ztmcm.
)<<omx.cmap>>
LaTeX Font Info:    Trying to load font information for OT1+ptm on input line 3
9.

(/usr/share/texlive/texmf-dist/tex/latex/psnfss/ot1ptm.fd
File: ot1ptm.fd 2001/06/04 font definitions for OT1/ptm.
)
LaTeX Font Info:    Font shape `OT1/ptm/bx/n' in size <12> not available
(Font)              Font shape `OT1/ptm/b/n' tried instead on input line 39.
LaTeX Font Info:    Font shape `OT1/ptm/bx/n' in size <9> not available
(Font)              Font shape `OT1/ptm/b/n' tried instead on input line 39.
LaTeX Font Info:    Font shape `OT1/ptm/bx/n' in size <7> not available
(Font)              Font shape `OT1/ptm/b/n' tried instead on input line 39.

Overfull \hbox (86.50438pt too wide) in paragraph at lines 44--45
\T1/ptm/b/n/10 de-scribed in the RAT-PAC doc-u-men-ta-tion [here](https://rat.r
eadthedocs.io/en/latest/installation.html). 
 []


Overfull \hbox (120.83531pt too wide) in paragraph at lines 53--54
\T1/ptm/m/it/10 vall3 --> rat-pac --> branch col-lab --> user --> shell_scripts
 --> [RPEV_Installer.sh](https://github.com/duvall3/rat-
 []


Overfull \hbox (22.46501pt too wide) in paragraph at lines 53--54
\T1/ptm/m/it/10 pac/blob/collab/user/shell_scripts/RPEV_Installer.sh) ([file](h
ttps://github.com/duvall3/rat-
 []

LaTeX Font Info:    Font shape `OT1/ptm/bx/n' in size <10> not available
(Font)              Font shape `OT1/ptm/b/n' tried instead on input line 62.
LaTeX Font Info:    Font shape `OT1/ptm/bx/n' in size <7.4> not available
(Font)              Font shape `OT1/ptm/b/n' tried instead on input line 62.
LaTeX Font Info:    Font shape `OT1/ptm/bx/n' in size <6> not available
(Font)              Font shape `OT1/ptm/b/n' tried instead on input line 62.

Overfull \hbox (145.9658pt too wide) in paragraph at lines 57--66
\T1/ptm/m/it/10 vall3 --> rat-pac --> branch col-lab --> user --> root_macros -
-> [RATPACEventviewer.cxx](https://github.com/duvall3/rat-
 []


Overfull \hbox (54.63554pt too wide) in paragraph at lines 57--66
\T1/ptm/m/it/10 pac/blob/collab/user/root_macros/RATPACEventViewer2.cxx) ([file
](https://github.com/duvall3/rat-
 []


Overfull \hbox (11.15627pt too wide) in paragraph at lines 57--66
\T1/ptm/m/it/10 pac/raw/collab/user/root_macros/RATPACEventViewer2.cxx))\T1/ptm
/m/n/10 . Re-mem-ber that the macro
 []


Overfull \hbox (6.03575pt too wide) in paragraph at lines 57--66
\T1/ptm/m/n/10 macros / drawTracks . cxx$[][]) ([file]([][]$https : / / github 
. com / duvall3 / rat-[]pac / raw / collab / user / root _
 []


Overfull \hbox (14.57657pt too wide) in paragraph at lines 57--66
\T1/ptm/m/n/10 macros / drawTracks . cxx$[][])) * [drawNex-tEvent.cxx]([][]$htt
ps : / / github . com / duvall3 / rat-[]pac / blob /
 []


Overfull \hbox (4.02599pt too wide) in paragraph at lines 57--66
\T1/ptm/m/n/10 collab / user / root _ macros / drawNextEvent . cxx$[][]) ([file
]([][]$https : / / github . com / duvall3 / rat-[]pac /
 []


Overfull \hbox (10.2369pt too wide) in paragraph at lines 57--66
\T1/ptm/m/n/10 raw / collab / user / root _ macros / drawNextEvent . cxx$[][]))
 * [draw-Pre-vEvent.cxx]([][]$https : / / github .
 []


Overfull \hbox (23.3757pt too wide) in paragraph at lines 57--66
\T1/ptm/m/n/10 com / duvall3 / rat-[]pac / blob / collab / user / root _ macros
 / drawPrevEvent . cxx$[][]) ([file]([][]$https : / / github .
 []


Overfull \hbox (51.06554pt too wide) in paragraph at lines 57--66
\T1/ptm/m/n/10 com / duvall3 / rat-[]pac / raw / collab / user / root _ macros 
/ drawPrevEvent . cxx$[][])) * [high-light-Cell.cxx]([][]$https :
 []


Overfull \hbox (18.9551pt too wide) in paragraph at lines 57--66
\T1/ptm/m/n/10 / / github . com / duvall3 / rat-[]pac / blob / collab / user / 
root _ macros / highlightCells . cxx$[][]) ([file]([][]$https :
 []


Overfull \hbox (14.48557pt too wide) in paragraph at lines 57--66
\T1/ptm/m/n/10 / / raw . githubusercontent . com / duvall3 / rat-[]pac / collab
 / user / root _ macros / highlightCells . cxx$[][])) 
 []

[1

{/var/lib/texmf/fonts/map/pdftex/updmap/pdftex.map}]
LaTeX Font Info:    Trying to load font information for T1+pcr on input line 79
.

(/usr/share/texlive/texmf-dist/tex/latex/psnfss/t1pcr.fd
File: t1pcr.fd 2001/06/04 font definitions for T1/pcr.
)
Overfull \hbox (108.0pt too wide) in paragraph at lines 79--81
[]\T1/pcr/m/n/10 `cpp .L RATPACEventViewer2.cxx RATPACEventViewer2("some_data_f
ile.root");
 []


Overfull \hbox (102.0pt too wide) in paragraph at lines 94--95
[]\T1/pcr/m/n/10 `cpp .L RATPACEventViewer2.cxx RATPACEventViewer2("some_data_f
ile.root",
 []


Overfull \hbox (18.0pt too wide) in paragraph at lines 104--105
[]\T1/pcr/m/n/10 `cpp drawTracks( <event> ) drawNextEvent() drawPrevEvent()
 []


Overfull \hbox (3.0pt too wide) in paragraph at lines 166--167
\T1/pcr/m/n/10 `cpp // RATPACEventViewer2 -- for viewing RAT-PAC detector
 []


Overfull \hbox (99.0pt too wide) in paragraph at lines 166--167
\T1/pcr/m/n/10 geometry and particle tracks in ROOT // // -- Usage: 'RATPACEven
tViewer2(
 []


Overfull \hbox (27.0pt too wide) in paragraph at lines 166--167
\T1/pcr/m/n/10 <RAT-PAC rootfile>, ["target_cell_regex"] )' to draw detector;
 []


Overfull \hbox (51.0pt too wide) in paragraph at lines 166--167
\T1/pcr/m/n/10 //      then 'drawTracks( <event number>, [IBD_TF], [highlight_T
F]
 []


Overfull \hbox (27.0pt too wide) in paragraph at lines 166--167
\T1/pcr/m/n/10 )' to draw tracks for a given event // // -- Primarily written
 []


Overfull \hbox (57.0pt too wide) in paragraph at lines 166--167
\T1/pcr/m/n/10 for IBD events, but should work just fine for anything //      w
ith
 []


Overfull \hbox (39.0pt too wide) in paragraph at lines 166--167
\T1/pcr/m/n/10 either one particle per top-level MC event (use IBD_TF = kFALSE)

 []


Overfull \hbox (51.0pt too wide) in paragraph at lines 166--167
\T1/pcr/m/n/10 //      or two (use IBD_TF = kTRUE or simply omit IBD_TF argumen
t)
 []


Overfull \hbox (27.0pt too wide) in paragraph at lines 166--167
\T1/pcr/m/n/10 // // -- "target_cell_regex" determines which detector volumes
 []


Overfull \hbox (27.0pt too wide) in paragraph at lines 166--167
\T1/pcr/m/n/10 will be drawn; //      it defaults to ".*target_cell_[0-9].*",
 []


Overfull \hbox (45.0pt too wide) in paragraph at lines 166--167
\T1/pcr/m/n/10 but any regex //      matching (exclusively) your desired volume
s
 []


Overfull \hbox (27.0pt too wide) in paragraph at lines 166--167
\T1/pcr/m/n/10 should work //      -- for more information on ROOT-compatible
 []


Overfull \hbox (105.0pt too wide) in paragraph at lines 166--167
\T1/pcr/m/n/10 regexes, see: //         https://root.cern.ch/doc/master/classTR
egexp.html
 []


Overfull \hbox (15.0pt too wide) in paragraph at lines 166--167
\T1/pcr/m/n/10 // // -- "IBD_TF" should be kTRUE for runs using the RAT-PAC
 []


Overfull \hbox (21.0pt too wide) in paragraph at lines 166--167
\T1/pcr/m/n/10 IBD generator builtin //      and kFALSE otherwise //      --
 []


Overfull \hbox (33.0pt too wide) in paragraph at lines 166--167
\T1/pcr/m/n/10 note: in standard ROOT, kTRUE == true == 1 and kFALSE == false
 []


Overfull \hbox (15.0pt too wide) in paragraph at lines 166--167
\T1/pcr/m/n/10 == 0 // // -- "IBD_TF" is kTRUE by default; this default can
 []


Overfull \hbox (39.0pt too wide) in paragraph at lines 166--167
\T1/pcr/m/n/10 be changed in the function //      definition for "drawTracks()"

 []


Overfull \hbox (63.0pt too wide) in paragraph at lines 166--167
\T1/pcr/m/n/10 if desired // // -- "highlight_TF" simply switches cell highligh
ting
 []


Overfull \hbox (3.0pt too wide) in paragraph at lines 166--167
\T1/pcr/m/n/10 on or off (default is on) //    -- default for IBD events:
 []


Overfull \hbox (69.0pt too wide) in paragraph at lines 166--167
\T1/pcr/m/n/10 //       green = generation cell //       red = positron-annihil
ation
 []


Overfull \hbox (3.0pt too wide) in paragraph at lines 166--167
\T1/pcr/m/n/10 cell //       blue = neutron-capture cell // // -- Example
 []


Overfull \hbox (27.0pt too wide) in paragraph at lines 166--167
\T1/pcr/m/n/10 ~ Scan through some events: //      .L RATPACEventViewer2.cxx
 []


Overfull \hbox (99.0pt too wide) in paragraph at lines 166--167
\T1/pcr/m/n/10 //      RATPACEventViewer2( "some_data_run.root" ); //      draw
Tracks(0);
 []


Overfull \hbox (99.0pt too wide) in paragraph at lines 166--167
\T1/pcr/m/n/10 //      drawNextEvent(); //      drawNextEvent(); //      drawNe
xtEvent();
 []


Overfull \hbox (3.0pt too wide) in paragraph at lines 166--167
\T1/pcr/m/n/10 // // -- As of this version, the following items are still
 []


Overfull \hbox (27.0pt too wide) in paragraph at lines 166--167
\T1/pcr/m/n/10 hard-coded //    and are tagged with //HC// in the code below:
 []


Overfull \hbox (3.0pt too wide) in paragraph at lines 166--167
\T1/pcr/m/n/10 //    - name of top & world volumes //    - shape of top &
 []


Overfull \hbox (3.0pt too wide) in paragraph at lines 166--167
\T1/pcr/m/n/10 world volumes //    - dimensions of top & world volumes //
 []


Overfull \hbox (9.0pt too wide) in paragraph at lines 166--167
\T1/pcr/m/n/10 - shapes of target cells (currently "box") //    - material
 []


Overfull \hbox (21.0pt too wide) in paragraph at lines 166--167
\T1/pcr/m/n/10 of target cells (currently Eljen EJ-254 doped at 1.5%wt Li-6)
 []


Overfull \hbox (27.0pt too wide) in paragraph at lines 166--167
\T1/pcr/m/n/10 // // ~ Mark J. Duvall ~ mjduvall@hawaii.edu ~ Written 10/2019
 []


Overfull \hbox (3.0pt too wide) in paragraph at lines 166--167
\T1/pcr/m/n/10 ~ Updated 3/2020 ~ // // ~ RATPACEventviewer v1.3.1 ~ // ` 
 []

[2]
Package atveryend Info: Empty hook `BeforeClearDocument' on input line 168.
 [3]
Package atveryend Info: Empty hook `AfterLastShipout' on input line 168.
 (./README_RATPACEventViewer.aux)
Package atveryend Info: Executing hook `AtVeryEndDocument' on input line 168.
Package atveryend Info: Empty hook `AtEndAfterFileList' on input line 168.
Package atveryend Info: Empty hook `AtVeryVeryEnd' on input line 168.
 ) 
Here is how much of TeX's memory you used:
 5750 strings out of 483107
 87695 string characters out of 5964631
 340089 words of memory out of 5000000
 20608 multiletter control sequences out of 15000+600000
 569955 words of font info for 77 fonts, out of 8000000 for 9000
 59 hyphenation exceptions out of 8191
 36i,6n,31p,429b,312s stack positions out of 5000i,500n,10000p,200000b,80000s
{/usr/share/texlive/texmf-dist/fonts/enc/dvips/base/8r.enc}</usr/share/texliv
e/texmf-dist/fonts/type1/urw/courier/ucrr8a.pfb></usr/share/texlive/texmf-dist/
fonts/type1/urw/times/utmb8a.pfb></usr/share/texlive/texmf-dist/fonts/type1/urw
/times/utmr8a.pfb></usr/share/texlive/texmf-dist/fonts/type1/urw/times/utmr8a.p
fb></usr/share/texlive/texmf-dist/fonts/type1/urw/times/utmri8a.pfb>
Output written on README_RATPACEventViewer.pdf (3 pages, 84341 bytes).
PDF statistics:
 79 PDF objects out of 1000 (max. 8388607)
 63 compressed objects within 1 object stream
 7 named destinations out of 1000 (max. 500000)
 45 words of extra memory for PDF output out of 10000 (max. 10000000)

